This is pdfTeX, Version 3.141592653-2.6-1.40.26 (TeX Live 2024) (preloaded format=pdflatex)
 restricted \write18 enabled.
entering extended mode
(./thesis.tex
LaTeX2e <2023-11-01> patch level 1
L3 programming layer <2024-02-20>
(/usr/local/texlive/2024/texmf-dist/tex/latex/silence/silence.sty)
(/usr/local/texlive/2024/texmf-dist/tex/latex/koma-script/scrreprt.cls
Document Class: scrreprt 2023/07/07 v3.41 KOMA-Script document class (report)
(/usr/local/texlive/2024/texmf-dist/tex/latex/koma-script/scrkbase.sty
(/usr/local/texlive/2024/texmf-dist/tex/latex/koma-script/scrbase.sty
(/usr/local/texlive/2024/texmf-dist/tex/latex/koma-script/scrlfile.sty
(/usr/local/texlive/2024/texmf-dist/tex/latex/koma-script/scrlfile-hook.sty
(/usr/local/texlive/2024/texmf-dist/tex/latex/koma-script/scrlogo.sty)))
(/usr/local/texlive/2024/texmf-dist/tex/latex/graphics/keyval.sty)))
(/usr/local/texlive/2024/texmf-dist/tex/latex/koma-script/tocbasic.sty)
(/usr/local/texlive/2024/texmf-dist/tex/latex/koma-script/scrsize11pt.clo)
(/usr/local/texlive/2024/texmf-dist/tex/latex/koma-script/typearea.sty))
(./classicthesis-config.tex
(/usr/local/texlive/2024/texmf-dist/tex/latex/base/inputenc.sty)
(/usr/local/texlive/2024/texmf-dist/tex/latex/base/fontenc.sty)
(/usr/local/texlive/2024/texmf-dist/tex/generic/babel/babel.sty
(/usr/local/texlive/2024/texmf-dist/tex/generic/babel/txtbabel.def)
(/usr/local/texlive/2024/texmf-dist/tex/generic/babel-english/american.ldf
(/usr/local/texlive/2024/texmf-dist/tex/generic/babel-english/english.ldf)))
(/usr/local/texlive/2024/texmf-dist/tex/generic/babel/locale/en/babel-american.
tex) (/usr/local/texlive/2024/texmf-dist/tex/latex/csquotes/csquotes.sty
(/usr/local/texlive/2024/texmf-dist/tex/latex/etoolbox/etoolbox.sty)
(/usr/local/texlive/2024/texmf-dist/tex/latex/csquotes/csquotes.def)
(/usr/local/texlive/2024/texmf-dist/tex/latex/csquotes/csquotes.cfg))
(/usr/local/texlive/2024/texmf-dist/tex/latex/biblatex/biblatex.sty
(/usr/local/texlive/2024/texmf-dist/tex/generic/pdftexcmds/pdftexcmds.sty
(/usr/local/texlive/2024/texmf-dist/tex/generic/infwarerr/infwarerr.sty)
(/usr/local/texlive/2024/texmf-dist/tex/generic/iftex/iftex.sty)
(/usr/local/texlive/2024/texmf-dist/tex/generic/ltxcmds/ltxcmds.sty))
(/usr/local/texlive/2024/texmf-dist/tex/latex/kvoptions/kvoptions.sty
(/usr/local/texlive/2024/texmf-dist/tex/latex/kvsetkeys/kvsetkeys.sty))
(/usr/local/texlive/2024/texmf-dist/tex/latex/logreq/logreq.sty
(/usr/local/texlive/2024/texmf-dist/tex/latex/logreq/logreq.def))
(/usr/local/texlive/2024/texmf-dist/tex/latex/base/ifthen.sty)
(/usr/local/texlive/2024/texmf-dist/tex/latex/url/url.sty)
(/usr/local/texlive/2024/texmf-dist/tex/latex/biblatex/blx-dm.def)
(/usr/local/texlive/2024/texmf-dist/tex/latex/biblatex/blx-compat.def)
(/usr/local/texlive/2024/texmf-dist/tex/latex/biblatex/blx-bibtex.def

Package biblatex Warning: Using fall-back bibtex backend:
(biblatex)                functionality may be reduced/unavailable.

) (/usr/local/texlive/2024/texmf-dist/tex/latex/biblatex/biblatex.def)
(/usr/local/texlive/2024/texmf-dist/tex/latex/biblatex/blx-natbib.def)
(/usr/local/texlive/2024/texmf-dist/tex/latex/biblatex/bbx/authoryear.bbx
(/usr/local/texlive/2024/texmf-dist/tex/latex/biblatex/bbx/standard.bbx))
(/usr/local/texlive/2024/texmf-dist/tex/latex/biblatex/cbx/authoryear.cbx)
(/usr/local/texlive/2024/texmf-dist/tex/latex/biblatex/biblatex.cfg)
(/usr/local/texlive/2024/texmf-dist/tex/latex/l3kernel/expl3.sty
(/usr/local/texlive/2024/texmf-dist/tex/latex/l3backend/l3backend-pdftex.def))
(/usr/local/texlive/2024/texmf-dist/tex/latex/biblatex/blx-case-expl3.sty
(/usr/local/texlive/2024/texmf-dist/tex/latex/l3packages/xparse/xparse.sty)))
(/usr/local/texlive/2024/texmf-dist/tex/latex/amsmath/amsmath.sty
For additional information on amsmath, use the `?' option.
(/usr/local/texlive/2024/texmf-dist/tex/latex/amsmath/amstext.sty
(/usr/local/texlive/2024/texmf-dist/tex/latex/amsmath/amsgen.sty))
(/usr/local/texlive/2024/texmf-dist/tex/latex/amsmath/amsbsy.sty)
(/usr/local/texlive/2024/texmf-dist/tex/latex/amsmath/amsopn.sty))
(/usr/local/texlive/2024/texmf-dist/tex/latex/graphics/graphicx.sty
(/usr/local/texlive/2024/texmf-dist/tex/latex/graphics/graphics.sty
(/usr/local/texlive/2024/texmf-dist/tex/latex/graphics/trig.sty)
(/usr/local/texlive/2024/texmf-dist/tex/latex/graphics-cfg/graphics.cfg)
(/usr/local/texlive/2024/texmf-dist/tex/latex/graphics-def/pdftex.def)))
(/usr/local/texlive/2024/texmf-dist/tex/latex/koma-script/scrhack.sty
(/usr/local/texlive/2024/texmf-dist/tex/latex/xpatch/xpatch.sty))
(/usr/local/texlive/2024/texmf-dist/tex/latex/tools/xspace.sty)
(/usr/local/texlive/2024/texmf-dist/tex/latex/acronym/acronym.sty
(/usr/local/texlive/2024/texmf-dist/tex/latex/bigfoot/suffix.sty)
(/usr/local/texlive/2024/texmf-dist/tex/generic/xstring/xstring.sty
(/usr/local/texlive/2024/texmf-dist/tex/generic/xstring/xstring.tex))
(/usr/local/texlive/2024/texmf-dist/tex/latex/relsize/relsize.sty))
(/usr/local/texlive/2024/texmf-dist/tex/latex/microtype/microtype.sty
(/usr/local/texlive/2024/texmf-dist/tex/latex/microtype/microtype-pdftex.def)
(/usr/local/texlive/2024/texmf-dist/tex/latex/microtype/microtype.cfg))
(/usr/local/texlive/2024/texmf-dist/tex/latex/siunitx/siunitx.sty
(/usr/local/texlive/2024/texmf-dist/tex/latex/translations/translations.sty)
(/usr/local/texlive/2024/texmf-dist/tex/latex/tools/array.sty))
(/usr/local/texlive/2024/texmf-dist/tex/latex/booktabs/booktabs.sty)
(/usr/local/texlive/2024/texmf-dist/tex/latex/tools/tabularx.sty)
(/usr/local/texlive/2024/texmf-dist/tex/latex/tabulary/tabulary.sty)
(/usr/local/texlive/2024/texmf-dist/tex/latex/subfig/subfig.sty
(/usr/local/texlive/2024/texmf-dist/tex/latex/caption/caption.sty
(/usr/local/texlive/2024/texmf-dist/tex/latex/caption/caption3.sty
(/usr/local/texlive/2024/texmf-dist/tex/latex/caption/caption-koma.sto))))
(/usr/local/texlive/2024/texmf-dist/tex/latex/pdflscape/pdflscape.sty
(/usr/local/texlive/2024/texmf-dist/tex/latex/pdflscape/pdflscape-nometadata.st
y (/usr/local/texlive/2024/texmf-dist/tex/latex/graphics/lscape.sty)
(/usr/local/texlive/2024/texmf-dist/tex/latex/koma-script/lscape.hak)))
(/usr/local/texlive/2024/texmf-dist/tex/latex/listings/listings.sty
(/usr/local/texlive/2024/texmf-dist/tex/latex/listings/lstpatch.sty)
(/usr/local/texlive/2024/texmf-dist/tex/latex/listings/lstmisc.sty)
(/usr/local/texlive/2024/texmf-dist/tex/latex/listings/listings.cfg))
(/usr/local/texlive/2024/texmf-dist/tex/latex/koma-script/listings.hak

Package scrhack Warning: unknown \lstlistoflistings definition found!
(scrhack)                Maybe you are using a unsupported listings version.

) (/usr/local/texlive/2024/texmf-dist/tex/latex/listings/lstlang1.sty)
(/usr/local/texlive/2024/texmf-dist/tex/latex/listings/lstlang2.sty)
(/usr/local/texlive/2024/texmf-dist/tex/latex/listings/lstlang3.sty)
(/usr/local/texlive/2024/texmf-dist/tex/latex/listings/lstlang1.sty)
(/usr/local/texlive/2024/texmf-dist/tex/latex/listings/lstlang2.sty)
(/usr/local/texlive/2024/texmf-dist/tex/latex/listings/lstlang3.sty)
(/usr/local/texlive/2024/texmf-dist/tex/latex/listings/lstlang1.sty)
(/usr/local/texlive/2024/texmf-dist/tex/latex/listings/lstlang2.sty)
(/usr/local/texlive/2024/texmf-dist/tex/latex/listings/lstlang3.sty)
(/usr/local/texlive/2024/texmf-dist/tex/latex/listings/lstmisc.sty)
(./classicthesis.sty
(/usr/local/texlive/2024/texmf-dist/tex/generic/iftex/ifpdf.sty)
(/usr/local/texlive/2024/texmf-dist/tex/generic/iftex/ifxetex.sty)
(/usr/local/texlive/2024/texmf-dist/tex/generic/iftex/ifluatex.sty)
(/usr/local/texlive/2024/texmf-dist/tex/latex/xcolor/xcolor.sty
(/usr/local/texlive/2024/texmf-dist/tex/latex/graphics-cfg/color.cfg)
(/usr/local/texlive/2024/texmf-dist/tex/latex/graphics/mathcolor.ltx))
(/usr/local/texlive/2024/texmf-dist/tex/latex/graphics/dvipsnam.def)
(/usr/local/texlive/2024/texmf-dist/tex/latex/psnfss/mathpazo.sty)
(/usr/local/texlive/2024/texmf-dist/tex/latex/bera/beramono.sty)
(/usr/local/texlive/2024/texmf-dist/tex/latex/amsfonts/ueur.fd)
(/usr/local/texlive/2024/texmf-dist/tex/latex/mparhack/mparhack.sty)
(/usr/local/texlive/2024/texmf-dist/tex/latex/textcase/textcase.sty)
(/usr/local/texlive/2024/texmf-dist/tex/latex/koma-script/scrlayer-scrpage.sty
(/usr/local/texlive/2024/texmf-dist/tex/latex/koma-script/scrlayer.sty))
1: section
1: chapter
1: chapter
1: section
(/usr/local/texlive/2024/texmf-dist/tex/latex/titlesec/titlesec.sty

Package titlesec Warning: Non standard sectioning command \section
(titlesec)                detected. Using default spacing and no format.


Package titlesec Warning: Non standard sectioning command \subsection
(titlesec)                detected. Using default spacing and no format.


Package titlesec Warning: Non standard sectioning command \subsubsection
(titlesec)                detected. Using default spacing and no format.


Package titlesec Warning: Non standard sectioning command \paragraph
(titlesec)                detected. Using default spacing and no format.


Package titlesec Warning: Non standard sectioning command \subparagraph
(titlesec)                detected. Using default spacing and no format.

)

Class scrreprt Warning: Usage of package `tocloft' together
(scrreprt)              with a KOMA-Script class is not recommended.
(scrreprt)              I'd suggest to use options like `listof=entryprefix',
(scrreprt)              commands like `\listoflofentryname' or
(scrreprt)              `\listoflotentryname', and `\DeclareTOCStyleEntry' or
(scrreprt)              `\RedeclareSectionCommand' instead of this package,
(scrreprt)              because it breaks several KOMA-Script features of
(scrreprt)              the list of figures, list of tables and table of
(scrreprt)              contents, i.e., options like `listof=numbered',
(scrreprt)              `listof=flat or `toc=flat', commands like
(scrreprt)              `\BeforeTOCHead{...}' and `\AfterTOCHead{...}',
(scrreprt)              `\BeforeStartingTOC{...}' and \AfterStartingTOC{...}',
(scrreprt)              all features of `\DeclareTOCStyleEntry',
(scrreprt)              and the ToC entry features of `\DeclareSecionCommand'
(scrreprt)              and `\RedeclareSectionCommand' of levels
(scrreprt)              `part', `section', `subsection',
(scrreprt)              `subsubsection', `paragraph' and `subparagraph'.
(scrreprt)              Nevertheless, using requested
(scrreprt)              package `tocloft' on input line 430.

(/usr/local/texlive/2024/texmf-dist/tex/latex/tocloft/tocloft.sty)
Using KOMA-command "deffootnote" for footnote setup
(/usr/local/texlive/2024/texmf-dist/tex/latex/koma-script/scrtime.sty)
(/usr/local/texlive/2024/texmf-dist/tex/latex/hyperref/hyperref.sty
(/usr/local/texlive/2024/texmf-dist/tex/generic/kvdefinekeys/kvdefinekeys.sty)
(/usr/local/texlive/2024/texmf-dist/tex/generic/pdfescape/pdfescape.sty)
(/usr/local/texlive/2024/texmf-dist/tex/latex/hycolor/hycolor.sty)
(/usr/local/texlive/2024/texmf-dist/tex/latex/auxhook/auxhook.sty)
(/usr/local/texlive/2024/texmf-dist/tex/latex/hyperref/nameref.sty
(/usr/local/texlive/2024/texmf-dist/tex/latex/refcount/refcount.sty)
(/usr/local/texlive/2024/texmf-dist/tex/generic/gettitlestring/gettitlestring.s
ty)) (/usr/local/texlive/2024/texmf-dist/tex/latex/hyperref/pd1enc.def)
(/usr/local/texlive/2024/texmf-dist/tex/generic/intcalc/intcalc.sty)
(/usr/local/texlive/2024/texmf-dist/tex/latex/hyperref/puenc.def)
(/usr/local/texlive/2024/texmf-dist/tex/generic/bitset/bitset.sty
(/usr/local/texlive/2024/texmf-dist/tex/generic/bigintcalc/bigintcalc.sty))
(/usr/local/texlive/2024/texmf-dist/tex/latex/base/atbegshi-ltx.sty))
(/usr/local/texlive/2024/texmf-dist/tex/latex/hyperref/hpdftex.def
(/usr/local/texlive/2024/texmf-dist/tex/latex/base/atveryend-ltx.sty)
(/usr/local/texlive/2024/texmf-dist/tex/latex/rerunfilecheck/rerunfilecheck.sty

(/usr/local/texlive/2024/texmf-dist/tex/generic/uniquecounter/uniquecounter.sty
)))) (/usr/local/texlive/2024/texmf-dist/tex/latex/todonotes/todonotes.sty
(/usr/local/texlive/2024/texmf-dist/tex/latex/xkeyval/xkeyval.sty
(/usr/local/texlive/2024/texmf-dist/tex/generic/xkeyval/xkeyval.tex
(/usr/local/texlive/2024/texmf-dist/tex/generic/xkeyval/xkvutils.tex)))
(/usr/local/texlive/2024/texmf-dist/tex/latex/pgf/frontendlayer/tikz.sty
(/usr/local/texlive/2024/texmf-dist/tex/latex/pgf/basiclayer/pgf.sty
(/usr/local/texlive/2024/texmf-dist/tex/latex/pgf/utilities/pgfrcs.sty
(/usr/local/texlive/2024/texmf-dist/tex/generic/pgf/utilities/pgfutil-common.te
x)
(/usr/local/texlive/2024/texmf-dist/tex/generic/pgf/utilities/pgfutil-latex.def
) (/usr/local/texlive/2024/texmf-dist/tex/generic/pgf/utilities/pgfrcs.code.tex
(/usr/local/texlive/2024/texmf-dist/tex/generic/pgf/pgf.revision.tex)))
(/usr/local/texlive/2024/texmf-dist/tex/latex/pgf/basiclayer/pgfcore.sty
(/usr/local/texlive/2024/texmf-dist/tex/latex/pgf/systemlayer/pgfsys.sty
(/usr/local/texlive/2024/texmf-dist/tex/generic/pgf/systemlayer/pgfsys.code.tex
(/usr/local/texlive/2024/texmf-dist/tex/generic/pgf/utilities/pgfkeys.code.tex
(/usr/local/texlive/2024/texmf-dist/tex/generic/pgf/utilities/pgfkeyslibraryfil
tered.code.tex))
(/usr/local/texlive/2024/texmf-dist/tex/generic/pgf/systemlayer/pgf.cfg)
(/usr/local/texlive/2024/texmf-dist/tex/generic/pgf/systemlayer/pgfsys-pdftex.d
ef
(/usr/local/texlive/2024/texmf-dist/tex/generic/pgf/systemlayer/pgfsys-common-p
df.def)))
(/usr/local/texlive/2024/texmf-dist/tex/generic/pgf/systemlayer/pgfsyssoftpath.
code.tex)
(/usr/local/texlive/2024/texmf-dist/tex/generic/pgf/systemlayer/pgfsysprotocol.
code.tex))
(/usr/local/texlive/2024/texmf-dist/tex/generic/pgf/basiclayer/pgfcore.code.tex
(/usr/local/texlive/2024/texmf-dist/tex/generic/pgf/math/pgfmath.code.tex
(/usr/local/texlive/2024/texmf-dist/tex/generic/pgf/math/pgfmathutil.code.tex)
(/usr/local/texlive/2024/texmf-dist/tex/generic/pgf/math/pgfmathparser.code.tex
)
(/usr/local/texlive/2024/texmf-dist/tex/generic/pgf/math/pgfmathfunctions.code.
tex)
(/usr/local/texlive/2024/texmf-dist/tex/generic/pgf/math/pgfmathfunctions.basic
.code.tex)
(/usr/local/texlive/2024/texmf-dist/tex/generic/pgf/math/pgfmathfunctions.trigo
nometric.code.tex)
(/usr/local/texlive/2024/texmf-dist/tex/generic/pgf/math/pgfmathfunctions.rando
m.code.tex)
(/usr/local/texlive/2024/texmf-dist/tex/generic/pgf/math/pgfmathfunctions.compa
rison.code.tex)
(/usr/local/texlive/2024/texmf-dist/tex/generic/pgf/math/pgfmathfunctions.base.
code.tex)
(/usr/local/texlive/2024/texmf-dist/tex/generic/pgf/math/pgfmathfunctions.round
.code.tex)
(/usr/local/texlive/2024/texmf-dist/tex/generic/pgf/math/pgfmathfunctions.misc.
code.tex)
(/usr/local/texlive/2024/texmf-dist/tex/generic/pgf/math/pgfmathfunctions.integ
erarithmetics.code.tex)
(/usr/local/texlive/2024/texmf-dist/tex/generic/pgf/math/pgfmathcalc.code.tex)
(/usr/local/texlive/2024/texmf-dist/tex/generic/pgf/math/pgfmathfloat.code.tex)
) (/usr/local/texlive/2024/texmf-dist/tex/generic/pgf/math/pgfint.code.tex)
(/usr/local/texlive/2024/texmf-dist/tex/generic/pgf/basiclayer/pgfcorepoints.co
de.tex)
(/usr/local/texlive/2024/texmf-dist/tex/generic/pgf/basiclayer/pgfcorepathconst
ruct.code.tex)
(/usr/local/texlive/2024/texmf-dist/tex/generic/pgf/basiclayer/pgfcorepathusage
.code.tex)
(/usr/local/texlive/2024/texmf-dist/tex/generic/pgf/basiclayer/pgfcorescopes.co
de.tex)
(/usr/local/texlive/2024/texmf-dist/tex/generic/pgf/basiclayer/pgfcoregraphicst
ate.code.tex)
(/usr/local/texlive/2024/texmf-dist/tex/generic/pgf/basiclayer/pgfcoretransform
ations.code.tex)
(/usr/local/texlive/2024/texmf-dist/tex/generic/pgf/basiclayer/pgfcorequick.cod
e.tex)
(/usr/local/texlive/2024/texmf-dist/tex/generic/pgf/basiclayer/pgfcoreobjects.c
ode.tex)
(/usr/local/texlive/2024/texmf-dist/tex/generic/pgf/basiclayer/pgfcorepathproce
ssing.code.tex)
(/usr/local/texlive/2024/texmf-dist/tex/generic/pgf/basiclayer/pgfcorearrows.co
de.tex)
(/usr/local/texlive/2024/texmf-dist/tex/generic/pgf/basiclayer/pgfcoreshade.cod
e.tex)
(/usr/local/texlive/2024/texmf-dist/tex/generic/pgf/basiclayer/pgfcoreimage.cod
e.tex)
(/usr/local/texlive/2024/texmf-dist/tex/generic/pgf/basiclayer/pgfcoreexternal.
code.tex)
(/usr/local/texlive/2024/texmf-dist/tex/generic/pgf/basiclayer/pgfcorelayers.co
de.tex)
(/usr/local/texlive/2024/texmf-dist/tex/generic/pgf/basiclayer/pgfcoretranspare
ncy.code.tex)
(/usr/local/texlive/2024/texmf-dist/tex/generic/pgf/basiclayer/pgfcorepatterns.
code.tex)
(/usr/local/texlive/2024/texmf-dist/tex/generic/pgf/basiclayer/pgfcorerdf.code.
tex)))
(/usr/local/texlive/2024/texmf-dist/tex/generic/pgf/modules/pgfmoduleshapes.cod
e.tex)
(/usr/local/texlive/2024/texmf-dist/tex/generic/pgf/modules/pgfmoduleplot.code.
tex)
(/usr/local/texlive/2024/texmf-dist/tex/latex/pgf/compatibility/pgfcomp-version
-0-65.sty)
(/usr/local/texlive/2024/texmf-dist/tex/latex/pgf/compatibility/pgfcomp-version
-1-18.sty))
(/usr/local/texlive/2024/texmf-dist/tex/latex/pgf/utilities/pgffor.sty
(/usr/local/texlive/2024/texmf-dist/tex/latex/pgf/utilities/pgfkeys.sty
(/usr/local/texlive/2024/texmf-dist/tex/generic/pgf/utilities/pgfkeys.code.tex)
) (/usr/local/texlive/2024/texmf-dist/tex/latex/pgf/math/pgfmath.sty
(/usr/local/texlive/2024/texmf-dist/tex/generic/pgf/math/pgfmath.code.tex))
(/usr/local/texlive/2024/texmf-dist/tex/generic/pgf/utilities/pgffor.code.tex))

(/usr/local/texlive/2024/texmf-dist/tex/generic/pgf/frontendlayer/tikz/tikz.cod
e.tex
(/usr/local/texlive/2024/texmf-dist/tex/generic/pgf/libraries/pgflibraryplothan
dlers.code.tex)
(/usr/local/texlive/2024/texmf-dist/tex/generic/pgf/modules/pgfmodulematrix.cod
e.tex)
(/usr/local/texlive/2024/texmf-dist/tex/generic/pgf/frontendlayer/tikz/librarie
s/tikzlibrarytopaths.code.tex)))
(/usr/local/texlive/2024/texmf-dist/tex/generic/pgf/frontendlayer/tikz/librarie
s/tikzlibrarypositioning.code.tex)
(/usr/local/texlive/2024/texmf-dist/tex/latex/tools/calc.sty))
(/usr/local/texlive/2024/texmf-dist/tex/latex/cleveref/cleveref.sty)
(/usr/local/texlive/2024/texmf-dist/tex/latex/sttools/cuted.sty))
(/usr/local/texlive/2024/texmf-dist/tex/latex/psnfss/t1pplj.fd) (./thesis.aux
(./FrontBackmatter/Titlepage.aux) (./FrontBackmatter/Titleback.aux)
(./FrontBackmatter/Summary.aux) (./FrontBackmatter/Acknowledgments.aux)
(./FrontBackmatter/Contents.aux) (./Chapters/1Introduction.aux)
(./Chapters/2Preliminaries.aux) (./Chapters/3RelatedWork.aux)
(./Chapters/4Approach.aux) (./Chapters/5Solution.aux) (./Chapters/6Results.aux)
(./Chapters/7Discussion.aux) (./FrontBackmatter/Bibliography.aux)
(./FrontBackmatter/Declaration.aux))
(/usr/local/texlive/2024/texmf-dist/tex/latex/biblatex/lbx/american.lbx
(/usr/local/texlive/2024/texmf-dist/tex/latex/biblatex/lbx/english.lbx)
(/usr/local/texlive/2024/texmf-dist/tex/latex/biblatex/lbx/english.lbx))
(./thesis.bbl)
(/usr/local/texlive/2024/texmf-dist/tex/context/base/mkii/supp-pdf.mkii
[Loading MPS to PDF converter (version 2006.09.02).]
) (/usr/local/texlive/2024/texmf-dist/tex/latex/epstopdf-pkg/epstopdf-base.sty
(/usr/local/texlive/2024/texmf-dist/tex/latex/latexconfig/epstopdf-sys.cfg))
(/usr/local/texlive/2024/texmf-dist/tex/latex/microtype/mt-ppl.cfg)
(/usr/local/texlive/2024/texmf-dist/tex/latex/translations/translations-basic-d
ictionary-english.trsl) (./thesis.out) (./thesis.out)
(/usr/local/texlive/2024/texmf-dist/tex/latex/bookmark/bookmark.sty
(/usr/local/texlive/2024/texmf-dist/tex/latex/bookmark/bkm-pdftex.def))
(./FrontBackmatter/Titlepage.tex
(/usr/local/texlive/2024/texmf-dist/tex/latex/psnfss/ot1pplx.fd)
(/usr/local/texlive/2024/texmf-dist/tex/latex/psnfss/omlzplm.fd)
(/usr/local/texlive/2024/texmf-dist/tex/latex/psnfss/omszplm.fd)
(/usr/local/texlive/2024/texmf-dist/tex/latex/psnfss/omxzplm.fd)
(/usr/local/texlive/2024/texmf-dist/tex/latex/psnfss/ot1zplm.fd) [1{/usr/local/
texlive/2024/texmf-var/fonts/map/pdftex/updmap/pdftex.map}{/usr/local/texlive/2
024/texmf-dist/fonts/enc/dvips/base/8r.enc}]) (./FrontBackmatter/Titleback.tex)
 [2] (./FrontBackmatter/Summary.tex) [3] [4]
(./FrontBackmatter/Acknowledgments.tex) [5] [6] (./FrontBackmatter/Contents.tex
(./thesis.toc
Overfull \hbox (7.9035pt too wide) in paragraph at lines 13--13
 [][] []\T1/pplj/m/n/10.95 (-10) Natural Lan-guage Pro-cess-ing (NLP) - In-tro-
duc-tion []  

Overfull \hbox (22.22917pt too wide) in paragraph at lines 34--34
 [][] []\T1/pplj/m/n/10.95 (-10) Trade-offs in Con-text Length and Per-for-manc
e []  

Overfull \hbox (16.03929pt too wide) in paragraph at lines 42--42
 [][] []\T1/pplj/m/n/10.95 (-10) Encoder and De-coder in Trans-former Mod-els [
]  
[7]
Overfull \hbox (16.09822pt too wide) in paragraph at lines 66--66
 [][] []\T1/pplj/m/n/10.95 (-10) Access and De-ploy-ment of Lan-guage Mod-els [
]  

Overfull \hbox (35.57811pt too wide) in paragraph at lines 84--84
 [][] []\T1/pplj/m/n/10.95 (-10) Retrieval-Augmented Gen-er-a-tion (RAG) Pipeli
ne []  

Overfull \hbox (3.25731pt too wide) in paragraph at lines 89--89
 [][] []\T1/pplj/m/n/10.95 (-10) Minimal Fron-tend In-ter-face for Re-searcher 
Work- 

Overfull \hbox (11.6834pt too wide) in paragraph at lines 91--91
 [][] []\T1/pplj/m/n/10.95 (-10) Docker Con-tainer-i-sa-tion for Re-pro-ducibil
-ity []  
[8]
Overfull \hbox (0.80261pt too wide) in paragraph at lines 115--115
 [][] []\T1/pplj/m/n/10.95 (-10) Retrieval Aug-mented Gen-er-a-tion Pipeline []
  

Overfull \hbox (11.08104pt too wide) in paragraph at lines 120--120
 [][] []\T1/pplj/m/n/10.95 (-10) Embedding and Vec-tor Stor-age - FastEm-bed []
  

Overfull \hbox (8.06497pt too wide) in paragraph at lines 146--146
 [][] []\T1/pplj/m/n/10.95 (-10) Step 2: Ques-tion Un-der-stand-ing Eval-u-a-ti
on []  
)
1: section
1: chapter
1: chapter
1: section
[9] (./thesis.lof) (./FrontBackmatter/Acronym.tex [10])) [11] [12]
(./Chapters/1Introduction.tex
Chapter 1.
[1] [2] (/usr/local/texlive/2024/texmf-dist/tex/latex/psnfss/ts1pplj.fd)
[3] [4] [5]) [6] (./Chapters/2Preliminaries.tex
Chapter 2.
(/usr/local/texlive/2024/texmf-dist/tex/latex/bera/t1fvm.fd) [7]
Overfull \hbox (17.0055pt too wide) in paragraph at lines 32--33
[]\T1/pplj/b/it/10.95 (-10) Individual char-ac-ters\T1/pplj/m/it/10.95 (-10) , 
es-pe-cially in character-level mod-els (e.g., a,e,i,o,!?) 
[8] [9]
Underfull \hbox (badness 10000) in paragraph at lines 128--131

[10]
Overfull \hbox (5.29828pt too wide) in paragraph at lines 164--167
\T1/pplj/m/n/10.95 (-10) gen-er-ated dy-nam-i-cally as the model pro-cesses in-
put se-quences through
[11] [12] [13] [14] [15] [16] [17]
Overfull \hbox (2.00217pt too wide) in paragraph at lines 348--349
[]\T1/pplj/b/it/10.95 (-10) Inference \T1/pplj/m/it/10.95 (-10) de-scribes the 
ap-pli-ca-tion phase of a fi-nalised trained
[18] [19] [20] [21] [22] [23] [24] [25]
Underfull \hbox (badness 10000) in paragraph at lines 564--569

(/usr/local/texlive/2024/texmf-dist/tex/latex/microtype/mt-cmr.cfg))
Overfull \hbox (1.5725pt too wide) in paragraph at lines 573--62
\T1/pplj/m/n/10.95 (-10) an-swers and pub-lished as an open source web ap-pli-c
a-tion[...]([]Höffner

Overfull \hbox (9.03165pt too wide) in paragraph at lines 573--62
\T1/pplj/m/n/10.95 (-10) how domain-specific knowl-edge can be ex-tracted from 
lit-er-a-ture sources
[26] [27{/usr/local/texlive/2024/texmf-dist/fonts/enc/dvips/cm-super/cm-super-t
s1.enc}] (./Chapters/3RelatedWork.tex
Chapter 3.
[28] [29] [30] [31]
Overfull \hbox (9.00484pt too wide) in paragraph at lines 93--94
[]\T1/pplj/m/n/10.95 (-10) Intensive com-put-ing cost and time ex-pen-di-ture d
ue to pre-training

Overfull \hbox (3.53679pt too wide) in paragraph at lines 96--97
[]\T1/pplj/m/n/10.95 (-10) Outdated knowl-edge and no ac-cess to real-time up-d
ates ([][]). 
[32]) [33] (./Chapters/4Approach.tex
Chapter 4.
[34] [35]
Underfull \hbox (badness 10000) in paragraph at lines 55--55
[]|\T1/pplj/m/n/10.95 (+10) Single Ques-

Underfull \hbox (badness 1377) in paragraph at lines 55--55
\T1/pplj/m/n/10.95 (+10) con-sists of mul-ti-ple health

Underfull \hbox (badness 3281) in paragraph at lines 55--55
\T1/pplj/m/n/10.95 (+10) care set-tings (con-texts). It

Underfull \hbox (badness 10000) in paragraph at lines 55--55
[]|\T1/pplj/m/n/10.95 (+10) Multi-Fact

Underfull \hbox (badness 2809) in paragraph at lines 55--55
\T1/pplj/m/n/10.95 (+10) and HL7 FHIR.

Underfull \hbox (badness 1769) in paragraph at lines 55--55
\T1/pplj/m/n/10.95 (+10) Ex-plain at least

Underfull \hbox (badness 1231) in paragraph at lines 55--55
\T1/pplj/m/n/10.95 (+10) Syntax HL7 v2: pro-pri-etay,

Underfull \hbox (badness 1231) in paragraph at lines 55--55
\T1/pplj/m/n/10.95 (+10) Syntax HL7 FHIR: XML /

Underfull \hbox (badness 1902) in paragraph at lines 55--55
\T1/pplj/m/n/10.95 (+10) Structure HL7 FHIR: flex-i-

Underfull \hbox (badness 2884) in paragraph at lines 55--55
\T1/pplj/m/n/10.95 (+10) ble, mod-u-lar, re-source/ele-

Underfull \hbox (badness 10000) in paragraph at lines 55--55
[]|\T1/pplj/m/n/10.95 (+10) Transferring

Underfull \hbox (badness 10000) in paragraph at lines 55--55
\T1/pplj/m/n/10.95 (+10) text of health

Underfull \hbox (badness 10000) in paragraph at lines 55--55
\T1/pplj/m/n/10.95 (+10) in-for-ma-tion
[36] [37] [38] [39]
Underfull \hbox (badness 10000) in paragraph at lines 124--132


Underfull \hbox (badness 10000) in paragraph at lines 124--132


Underfull \hbox (badness 10000) in paragraph at lines 133--147

[40]
Underfull \hbox (badness 10000) in paragraph at lines 147--152


Underfull \hbox (badness 10000) in paragraph at lines 153--188


Underfull \hbox (badness 10000) in paragraph at lines 153--188


Underfull \hbox (badness 10000) in paragraph at lines 153--188

[41] [42] [43] [44]
Underfull \hbox (badness 10000) in paragraph at lines 274--278

[45]
Overfull \hbox (8.09444pt too wide) in paragraph at lines 295--325
\T1/pplj/m/n/10.95 (-10) Due to dif-fer-ent pre-de-fined hyper-parameter set-ti
ngs (e.g., \T1/fvm/m/n/10.95 temperature\T1/pplj/m/n/10.95 (-10) ,
[46] [47] [48]) [49] (./Chapters/5Solution.tex
Chapter 5.
[50] [51]
Overfull \hbox (25.08981pt too wide) in paragraph at lines 55--63
 [][] 
[52]
Underfull \hbox (badness 10000) in paragraph at lines 87--90

[53]
Overfull \hbox (1.72229pt too wide) in paragraph at lines 134--135
[]\T1/pplj/b/n/10.95 (-10) transformed\T1/pplj/m/n/10.95 (-10) : The re-for-mu-
lated and, if nec-es-sary, trans-lated ques-
[54] [55]
Underfull \hbox (badness 10000) in paragraph at lines 192--194


Overfull \hbox (6.74507pt too wide) in paragraph at lines 197--201
\T1/pplj/m/n/10.95 (-10) {llm}_{method}_{type}_{error-status}_answered.json was
 gen-er-ated with
[56] [57] [58] [59]
Overfull \hbox (39.30759pt too wide) in paragraph at lines 417--425
\T1/pplj/m/n/10.95 (-10) The pri-mary source text is loaded via \T1/fvm/m/n/10.
95 modules/book/content/book_loader.py\T1/pplj/m/n/10.95 (-10) .

Overfull \hbox (4.38985pt too wide) in paragraph at lines 417--425
\T1/fvm/m/n/10.95 data/book \T1/pplj/m/n/10.95 (-10) di-rec-tory. This loader d
y-nam-i-cally dis-patches to \T1/pplj/m/it/10.95 (-10) LangChain\T1/pplj/m/n/10
.95 (-10) 's

Overfull \hbox (2.90208pt too wide) in paragraph at lines 417--425
\T1/fvm/m/n/10.95 backend/file_processor.py \T1/pplj/m/n/10.95 (-10) han-dles i
n-ges-tion. It ac-cepts an up-loaded
[60] (/usr/local/texlive/2024/texmf-dist/tex/latex/listings/lstlang1.sty)
[61]
Overfull \hbox (4.76341pt too wide) in paragraph at lines 472--480
\T1/pplj/m/n/10.95 (-10) As de-scribed in sec-tion [][]4.5.1[][] the chunk-ing 
im-ple-men-ta-tion was planned

Overfull \hbox (15.55406pt too wide) in paragraph at lines 472--480
\T1/pplj/m/n/10.95 (-10) to rely solely on the \T1/pplj/m/it/10.95 (-10) se-man
-tic chunk-ing \T1/pplj/m/n/10.95 (-10) method based on an \T1/fvm/m/n/10.95 in
terquartile

Underfull \hbox (badness 10000) in paragraph at lines 472--480


Overfull \hbox (8.70262pt too wide) in paragraph at lines 483--486
\T1/fvm/m/n/10.95 breakpoint_threshold_type="interquartile"\T1/pplj/m/n/10.95 (
-10) . The in-terquar-tile range

Overfull \hbox (5.5734pt too wide) in paragraph at lines 483--486
\T1/pplj/m/n/10.95 (-10) can be scaled by the key-word ar-gu-ment \T1/fvm/m/n/1
0.95 breakpoint_threshold_amount
[62]
Overfull \hbox (5.57227pt too wide) in paragraph at lines 509--511
\T1/pplj/m/n/10.95 (-10) meta-data with rel-e-vant en-tries (e.g., \T1/fvm/m/n/
10.95 chunk_type="semantic"\T1/pplj/m/n/10.95 (-10) , \T1/fvm/m/n/10.95 chunk_i
d\T1/pplj/m/n/10.95 (-10) ,

Underfull \hbox (badness 10000) in paragraph at lines 509--511


Underfull \hbox (badness 10000) in paragraph at lines 509--511


Overfull \hbox (7.00507pt too wide) in paragraph at lines 516--522
\T1/pplj/m/n/10.95 (-10) chunks with \T1/fvm/m/n/10.95 chunk_size_tokens=1000 \
T1/pplj/m/n/10.95 (-10) and \T1/fvm/m/n/10.95 chunk_overlap_tokens=400\T1/pplj/
m/n/10.95 (-10) .
[63]
Overfull \hbox (2.35754pt too wide) in paragraph at lines 528--533
\T1/pplj/m/n/10.95 (-10) The \T1/fvm/m/n/10.95 backend/config_manager.py/Config
Manager \T1/pplj/m/n/10.95 (-10) pro-vides the \T1/pplj/m/it/10.95 (-10) FastEm
-

Overfull \hbox (39.21921pt too wide) in paragraph at lines 528--533
\T1/pplj/m/n/10.95 (-10) men-sion-al-ity em-bed-ding model us-ing \T1/pplj/m/it
/10.95 (-10) Qdrant\T1/pplj/m/n/10.95 (-10) s \T1/fvm/m/n/10.95 client.get_embe
dding_size()\T1/pplj/m/n/10.95 (-10) . 

Overfull \hbox (6.7591pt too wide) in paragraph at lines 544--550
\T1/pplj/m/n/10.95 (-10) The \T1/fvm/m/n/10.95 _query_collection \T1/pplj/m/n/1
0.95 (-10) func-tion from \T1/fvm/m/n/10.95 methods/vector_db_manager.py

Underfull \hbox (badness 10000) in paragraph at lines 552--559

[64] [65]
Underfull \hbox (badness 10000) in paragraph at lines 598--600


Underfull \hbox (badness 10000) in paragraph at lines 598--600

[66]
Underfull \hbox (badness 10000) in paragraph at lines 617--625


Underfull \hbox (badness 10000) in paragraph at lines 617--625


Underfull \hbox (badness 10000) in paragraph at lines 617--625


Underfull \hbox (badness 10000) in paragraph at lines 617--625


Overfull \hbox (0.42542pt too wide) in paragraph at lines 633--637
\T1/pplj/m/n/10.95 (-10) Following the in-ges-tion and up-load pro-cess de-scri
bed in sec-tion [][]5.4.1.1[][]

Overfull \hbox (2.43732pt too wide) in paragraph at lines 633--637
\T1/pplj/m/n/10.95 (-10) the helper func-tion \T1/fvm/m/n/10.95 backend/methods
/common.py/_combine_context()
[67] [68]
Overfull \hbox (71.29465pt too wide) in paragraph at lines 673--680
\T1/pplj/m/it/10.95 (-10) E-val \T1/pplj/m/n/10.95 (-10) or-ches-tra-tor \T1/fv
m/m/n/10.95 backend/evaluation/step1/evaluate_subanswers_only_deepeval

Overfull \hbox (92.81293pt too wide) in paragraph at lines 673--680
\T1/pplj/m/n/10.95 (-10) jduge^^Q fea-ture. The or-ches-tra-tor \T1/fvm/m/n/10.
95 backend/evaluation/step1/deepeval/orchestrator.py
[69]
Overfull \hbox (53.9157pt too wide) in paragraph at lines 691--693
\T1/pplj/m/n/10.95 (-10) fea-ture but in-stead sim-ply parsed un-al-tered into 
the re-spec-tive \T1/fvm/m/n/10.95 *_evaluated.json
[70] [71]
Overfull \hbox (28.35423pt too wide) in paragraph at lines 771--773
\T1/fvm/m/n/10.95 OpenRouterLLM \T1/pplj/m/n/10.95 (-10) wrap-per from \T1/fvm/
m/n/10.95 evaluation/step1/deepeval/custom_llm.py\T1/pplj/m/n/10.95 (-10) ,

Overfull \hbox (9.57811pt too wide) in paragraph at lines 782--785
\T1/fvm/m/n/10.95 <sub_answer>...</sub_answer> \T1/pplj/m/n/10.95 (-10) tags by
 per-form-ing a strict regex search.
[72] [73]
Overfull \hbox (116.95395pt too wide) in paragraph at lines 803--805
\T1/pplj/m/n/10.95 (-10) put files (\T1/fvm/m/n/10.95 *_evaluated.json\T1/pplj/
m/n/10.95 (-10) ). The or-ches-tra-tor \T1/fvm/m/n/10.95 evaluation/step2/deepe
val/orchestrator.py

Overfull \hbox (25.14583pt too wide) in paragraph at lines 803--805
\T1/pplj/m/n/10.95 (-10) quired en-tries, \T1/fvm/m/n/10.95 transformed \T1/ppl
j/m/n/10.95 (-10) and \T1/fvm/m/n/10.95 generated \T1/pplj/m/n/10.95 (-10) via 
\T1/fvm/m/n/10.95 _extract_prompt_inputs()\T1/pplj/m/n/10.95 (-10) . 

Overfull \hbox (0.12245pt too wide) in paragraph at lines 807--810
\T1/fvm/m/n/10.95 OpenRouterLLM \T1/pplj/m/n/10.95 (-10) wrap-per in-stance fro
m Step 1 and cre-ates a cus-tomised

Overfull \hbox (136.45834pt too wide) in paragraph at lines 811--813
[]\T1/pplj/m/n/10.95 (-10) The cus-tom judg-ing tem-plate \T1/fvm/m/n/10.95 bac
kend/evaluation/step2/Question_Understanding_prompt.md
[74]
Overfull \hbox (4.4527pt too wide) in paragraph at lines 848--849
[]\T1/pplj/m/n/10.95 (-10) The re-trieved val-ues of \T1/fvm/m/n/10.95 transfor
med \T1/pplj/m/n/10.95 (-10) and \T1/fvm/m/n/10.95 generated \T1/pplj/m/n/10.95
 (-10) are then mapped

Underfull \hbox (badness 10000) in paragraph at lines 862--863


Underfull \hbox (badness 10000) in paragraph at lines 862--863

[75]
Overfull \hbox (33.05583pt too wide) in paragraph at lines 865--869
\T1/fvm/m/n/10.95 QuestionUnderstandingMetric.measure \T1/pplj/m/n/10.95 (-10) 
fi-nally calls the [][], asyn-chronously

Overfull \hbox (84.15607pt too wide) in paragraph at lines 877--879
\T1/pplj/m/n/10.95 (-10) there-fore pre-pared as a struc-tured de-tails ob-ject
 (\T1/fvm/m/n/10.95 details["question_understanding"]\T1/pplj/m/n/10.95 (-10) )

[76]
Underfull \hbox (badness 10000) in paragraph at lines 883--884


Overfull \hbox (140.57558pt too wide) in paragraph at lines 898--902
\T1/pplj/m/n/10.95 (-10) tion [][]5.6.2.2[][]). The cus-tom judg-ing tem-plate 
\T1/fvm/m/n/10.95 backend/evaluation/step2/Explainability_prompt.md
[77]) [78] (./Chapters/6Results.tex
Chapter 6.
) [79] (./Chapters/7Discussion.tex
Chapter 7.
[80] [81]
Overfull \hbox (9.65218pt too wide) in paragraph at lines 45--56
\T1/pplj/m/n/10.95 (-10) Vec-tor quan-ti-sa-tion / HNSW pa-ram-e-ter tun-ing (M
, $\OML/zplm/m/it/10.95 ef[]onstruct\OT1/pplx/m/n/10.95 , \OML/zplm/m/it/10.95 
ef[]earch$\T1/pplj/m/n/10.95 (-10) ).
) [82] (./FrontBackmatter/Bibliography.tex
Overfull \hbox (5.69504pt too wide) in paragraph at lines 16--16
[][]\T1/pplj/m/n/10.95 (-10) Angles, Renzo and Clau-dio Gutier-rez (2008). ^^P 
 Sur-vey of graph database

Overfull \hbox (6.13652pt too wide) in paragraph at lines 16--16
\T1/pplj/m/n/10.95 (-10) Beson-dere Lern-leis-tung. Leipzig, Ger-many: Wilhelm-
Ostwald-Schule.

Overfull \hbox (0.23868pt too wide) in paragraph at lines 16--16
[][]\T1/pplj/m/n/10.95 (-10) Ding, Yi-ran, Zhiyi Ma, Yuchen Liu, Haiqin Weng, R
ong Pan, Zhengyan
[83]
Overfull \hbox (6.05295pt too wide) in paragraph at lines 16--16
[][]\T1/pplj/m/n/10.95 (-10) Jahn, Franziska, Kon-rad Höffner, Bir-git Schnei-d
er, Anna Lörke, Thomas
[84]
Overfull \hbox (1.92421pt too wide) in paragraph at lines 16--16
\T1/pplj/m/n/10.95 (-10) Yu Wu, Sergey Edunov, Danqi Chen, and Wen tau Yih (202
0). ^^P  Dense

Overfull \hbox (0.932pt too wide) in paragraph at lines 16--16
\T1/pplj/m/n/10.95 (-10) Pas-sage Re-trieval for Open-Domain Ques-tion An-swer-
ing.^^Q In: \T1/pplj/m/it/10.95 (-10) ArXiv

Overfull \hbox (3.94884pt too wide) in paragraph at lines 16--16
\T1/pplj/m/n/10.95 (-10) abs/2004.04906. \T1/pplj/m/sc/10.95 (-10) url\T1/pplj/
m/n/10.95 (-10) : [][]$\T1/fvm/m/n/10.95 https : / / api . semanticscholar . or
g / CorpusID :

Overfull \hbox (7.20291pt too wide) in paragraph at lines 16--16
\T1/pplj/m/n/10.95 (-10) Ben-der-sky (2024). ^^P  Re-trieval Aug-mented Gen-er-
a-tion or Long-Context

Overfull \hbox (3.94884pt too wide) in paragraph at lines 16--16
\T1/pplj/m/n/10.95 (-10) abs/2407.16833. \T1/pplj/m/sc/10.95 (-10) url\T1/pplj/
m/n/10.95 (-10) : [][]$\T1/fvm/m/n/10.95 https : / / api . semanticscholar . or
g / CorpusID :

Overfull \hbox (8.8405pt too wide) in paragraph at lines 16--16
\T1/pplj/m/it/10.95 (-10) Meth-ods: A Com-par-a-tive Anal-y-sis\T1/pplj/m/n/10.
95 (-10) . \T1/pplj/m/sc/10.95 (-10) url\T1/pplj/m/n/10.95 (-10) : [][]$\T1/fvm
/m/n/10.95 https : / / github . com / monami44 /
[85]
Overfull \hbox (3.94884pt too wide) in paragraph at lines 16--16
\T1/pplj/m/n/10.95 (-10) abs/2205.13636. \T1/pplj/m/sc/10.95 (-10) url\T1/pplj/
m/n/10.95 (-10) : [][]$\T1/fvm/m/n/10.95 https : / / api . semanticscholar . or
g / CorpusID :

Overfull \hbox (21.99599pt too wide) in paragraph at lines 16--16
\T1/pplj/m/n/10.95 (-10) Mod-els.^^Q In: \T1/pplj/m/it/10.95 (-10) ArXiv \T1/pp
lj/m/n/10.95 (-10) abs/2305.14283. \T1/pplj/m/sc/10.95 (-10) url\T1/pplj/m/n/10
.95 (-10) : [][]$\T1/fvm/m/n/10.95 https : / / api . semanticscholar .
[86]
Overfull \hbox (4.22765pt too wide) in paragraph at lines 16--16
\T1/pplj/m/n/10.95 (-10) Jonathan Huth-mann, Axel-Cyrille Ngonga-Ngomo, Chris-t
ian Demm-

Overfull \hbox (16.60085pt too wide) in paragraph at lines 16--16
[][]\T1/pplj/m/n/10.95 (-10) Winter, Al-fred, Elske Am-men-werth, Rein-hold Hau
x, Michael Marschollek,
[87]) [88] [89] [90] (./FrontBackmatter/Declaration.tex [91]) [92]
(./thesis.aux (./FrontBackmatter/Titlepage.aux)
(./FrontBackmatter/Titleback.aux) (./FrontBackmatter/Summary.aux)
(./FrontBackmatter/Acknowledgments.aux) (./FrontBackmatter/Contents.aux)
(./Chapters/1Introduction.aux) (./Chapters/2Preliminaries.aux)
(./Chapters/3RelatedWork.aux) (./Chapters/4Approach.aux)
(./Chapters/5Solution.aux) (./Chapters/6Results.aux)
(./Chapters/7Discussion.aux) (./FrontBackmatter/Bibliography.aux)
(./FrontBackmatter/Declaration.aux))

 *File List*
 silence.sty    2012/07/02 v1.5b Selective filtering of warnings and error mess
ages
scrreprt.cls    2023/07/07 v3.41 KOMA-Script document class (report)
scrkbase.sty    2023/07/07 v3.41 KOMA-Script package (KOMA-Script-dependent bas
ics and keyval usage)
 scrbase.sty    2023/07/07 v3.41 KOMA-Script package (KOMA-Script-independent b
asics and keyval usage)
scrlfile.sty    2023/07/07 v3.41 KOMA-Script package (file load hooks)
scrlfile-hook.sty    2023/07/07 v3.41 KOMA-Script package (using LaTeX hooks)
 scrlogo.sty    2023/07/07 v3.41 KOMA-Script package (logo)
  keyval.sty    2022/05/29 v1.15 key=value parser (DPC)
tocbasic.sty    2023/07/07 v3.41 KOMA-Script package (handling toc-files)
scrsize11pt.clo    2023/07/07 v3.41 KOMA-Script font size class option (11pt)
typearea.sty    2023/07/07 v3.41 KOMA-Script package (type area)
classicthesis-config.tex
inputenc.sty    2021/02/14 v1.3d Input encoding file
 fontenc.sty    2021/04/29 v2.0v Standard LaTeX package
   babel.sty    2024/02/07 v24.2 The Babel package
american.ldf    2017/06/06 v3.3r English support from the babel system
babel-american.tex
csquotes.sty    2022-09-14 v5.2n context-sensitive quotations (JAW)
etoolbox.sty    2020/10/05 v2.5k e-TeX tools for LaTeX (JAW)
csquotes.def    2022-09-14 v5.2n csquotes generic definitions (JAW)
csquotes.cfg    
biblatex.sty    2023/03/05 v3.19 programmable bibliographies (PK/MW)
pdftexcmds.sty    2020-06-27 v0.33 Utility functions of pdfTeX for LuaTeX (HO)
infwarerr.sty    2019/12/03 v1.5 Providing info/warning/error messages (HO)
   iftex.sty    2022/02/03 v1.0f TeX engine tests
 ltxcmds.sty    2023-12-04 v1.26 LaTeX kernel commands for general use (HO)
kvoptions.sty    2022-06-15 v3.15 Key value format for package options (HO)
kvsetkeys.sty    2022-10-05 v1.19 Key value parser (HO)
  logreq.sty    2010/08/04 v1.0 xml request logger
  logreq.def    2010/08/04 v1.0 logreq spec v1.0
  ifthen.sty    2022/04/13 v1.1d Standard LaTeX ifthen package (DPC)
     url.sty    2013/09/16  ver 3.4  Verb mode for urls, etc.
  blx-dm.def    2023/03/05 v3.19 biblatex localization (PK/MW)
blx-compat.def    2023/03/05 v3.19 biblatex compatibility (PK/MW)
blx-bibtex.def    2023/03/05 v3.19 biblatex compatibility (PK/MW)
biblatex.def    2023/03/05 v3.19 biblatex compatibility (PK/MW)
blx-natbib.def    2023/03/05 v3.19 biblatex compatibility (PK/MW)
standard.bbx    2023/03/05 v3.19 biblatex bibliography style (PK/MW)
authoryear.bbx    2023/03/05 v3.19 biblatex bibliography style (PK/MW)
authoryear.cbx    2023/03/05 v3.19 biblatex citation style (PK/MW)
biblatex.cfg    
   expl3.sty    2024-02-20 L3 programming layer (loader) 
l3backend-pdftex.def    2024-02-20 L3 backend support: PDF output (pdfTeX)
blx-case-expl3.sty    2023/03/05 v3.19 expl3 case changing code for biblatex
  xparse.sty    2024-02-18 L3 Experimental document command parser
 amsmath.sty    2023/05/13 v2.17o AMS math features
 amstext.sty    2021/08/26 v2.01 AMS text
  amsgen.sty    1999/11/30 v2.0 generic functions
  amsbsy.sty    1999/11/29 v1.2d Bold Symbols
  amsopn.sty    2022/04/08 v2.04 operator names
graphicx.sty    2021/09/16 v1.2d Enhanced LaTeX Graphics (DPC,SPQR)
graphics.sty    2022/03/10 v1.4e Standard LaTeX Graphics (DPC,SPQR)
    trig.sty    2021/08/11 v1.11 sin cos tan (DPC)
graphics.cfg    2016/06/04 v1.11 sample graphics configuration
  pdftex.def    2022/09/22 v1.2b Graphics/color driver for pdftex
 scrhack.sty    2023/07/07 v3.41 KOMA-Script package (hacking other packages)
  xpatch.sty    2020/03/25 v0.3a Extending etoolbox patching commands
  xspace.sty    2014/10/28 v1.13 Space after command names (DPC,MH)
 acronym.sty    2020/04/17 v1.47 Support for acronyms (Tobias Oetiker)
  suffix.sty    2006/07/15 1.5a Variant command support
 xstring.sty    2023/08/22 v1.86 String manipulations (CT)
 relsize.sty    2013/03/29 ver 4.1
microtype.sty    2023/03/13 v3.1a Micro-typographical refinements (RS)
microtype-pdftex.def    2023/03/13 v3.1a Definitions specific to pdftex (RS)
microtype.cfg    2023/03/13 v3.1a microtype main configuration file (RS)
 siunitx.sty    2024-02-15 v3.3.12 A comprehensive (SI) units package
translations.sty    2022/02/05 v1.12 internationalization of LaTeX2e packages (
CN)
   array.sty    2023/10/16 v2.5g Tabular extension package (FMi)
booktabs.sty    2020/01/12 v1.61803398 Publication quality tables
tabularx.sty    2023/07/08 v2.11c `tabularx' package (DPC)
tabulary.sty    2014/06/11 v0.10 tabulary package (DPC)
  subfig.sty    2005/06/28 ver: 1.3 subfig package
 caption.sty    2023/08/05 v3.6o Customizing captions (AR)
caption3.sty    2023/07/31 v2.4d caption3 kernel (AR)
caption-koma.sto    2023/09/08 v2.0e Adaption of the caption package to the KOM
A-Script document classes (AR)
pdflscape.sty    2022-10-27 v0.13 Display of landscape pages in PDF
pdflscape-nometadata.sty    2022-10-28 v0.13 Display of landscape pages in PDF 
(HO)
  lscape.sty    2020/05/28 v3.02 Landscape Pages (DPC)
  lscape.hak    2023/07/07 v3.41 KOMA-Script scrhack part (hacking package lsca
pe)
listings.sty    2024/02/21 1.10 (Carsten Heinz)
lstpatch.sty    2024/02/21 1.10 (Carsten Heinz)
 lstmisc.sty    2024/02/21 1.10 (Carsten Heinz)
listings.cfg    2024/02/21 1.10 listings configuration
listings.hak    2023/07/07 v3.41 KOMA-Script scrhack part (hacking package list
ings)
lstlang1.sty    2024/02/21 1.10 listings language file
lstlang2.sty    2024/02/21 1.10 listings language file
lstlang3.sty    2024/02/21 1.10 listings language file
lstlang1.sty    2024/02/21 1.10 listings language file
lstlang2.sty    2024/02/21 1.10 listings language file
lstlang3.sty    2024/02/21 1.10 listings language file
lstlang1.sty    2024/02/21 1.10 listings language file
lstlang2.sty    2024/02/21 1.10 listings language file
lstlang3.sty    2024/02/21 1.10 listings language file
 lstmisc.sty    2024/02/21 1.10 (Carsten Heinz)
classicthesis.sty    2022/02/27 v4.7b Typographic style for a classic-looking t
hesis
   ifpdf.sty    2019/10/25 v3.4 ifpdf legacy package. Use iftex instead.
 ifxetex.sty    2019/10/25 v0.7 ifxetex legacy package. Use iftex instead.
ifluatex.sty    2019/10/25 v1.5 ifluatex legacy package. Use iftex instead.
  xcolor.sty    2023/11/15 v3.01 LaTeX color extensions (UK)
   color.cfg    2016/01/02 v1.6 sample color configuration
mathcolor.ltx
dvipsnam.def    2016/06/17 v3.0m Driver-dependent file (DPC,SPQR)
mathpazo.sty    2020/03/25 PSNFSS-v9.3 Palatino w/ Pazo Math (D.Puga, WaS) 
beramono.sty    2004/01/31 (WaS)
    ueur.fd    2013/01/14 v3.01 Euler Roman
mparhack.sty    2021-05-02 v1.5 (T. Sgouros and S. Ulrich)
textcase.sty    2023/07/27 v1.04 Text only upper/lower case changing (DPC)
scrlayer-scrpage.sty    2023/07/07 v3.41 KOMA-Script package (end user interfac
e for scrlayer)
scrlayer.sty    2023/07/07 v3.41 KOMA-Script package (defining layers and page 
styles)
titlesec.sty    2023/10/27 v2.16 Sectioning titles
 tocloft.sty    2017/08/31 v2.3i parameterised ToC, etc., typesetting
 scrtime.sty    2023/07/07 v3.41 KOMA-Script package (time of LaTeX run)
hyperref.sty    2024-01-20 v7.01h Hypertext links for LaTeX
kvdefinekeys.sty    2019-12-19 v1.6 Define keys (HO)
pdfescape.sty    2019/12/09 v1.15 Implements pdfTeX's escape features (HO)
 hycolor.sty    2020-01-27 v1.10 Color options for hyperref/bookmark (HO)
 auxhook.sty    2019-12-17 v1.6 Hooks for auxiliary files (HO)
 nameref.sty    2023-11-26 v2.56 Cross-referencing by name of section
refcount.sty    2019/12/15 v3.6 Data extraction from label references (HO)
gettitlestring.sty    2019/12/15 v1.6 Cleanup title references (HO)
  pd1enc.def    2024-01-20 v7.01h Hyperref: PDFDocEncoding definition (HO)
 intcalc.sty    2019/12/15 v1.3 Expandable calculations with integers (HO)
   puenc.def    2024-01-20 v7.01h Hyperref: PDF Unicode definition (HO)
  bitset.sty    2019/12/09 v1.3 Handle bit-vector datatype (HO)
bigintcalc.sty    2019/12/15 v1.5 Expandable calculations on big integers (HO)
atbegshi-ltx.sty    2021/01/10 v1.0c Emulation of the original atbegshi
package with kernel methods
 hpdftex.def    2024-01-20 v7.01h Hyperref driver for pdfTeX
atveryend-ltx.sty    2020/08/19 v1.0a Emulation of the original atveryend packa
ge
with kernel methods
rerunfilecheck.sty    2022-07-10 v1.10 Rerun checks for auxiliary files (HO)
uniquecounter.sty    2019/12/15 v1.4 Provide unlimited unique counter (HO)
todonotes.sty    2024/01/05
 xkeyval.sty    2022/06/16 v2.9 package option processing (HA)
 xkeyval.tex    2014/12/03 v2.7a key=value parser (HA)
    tikz.sty    2023-01-15 v3.1.10 (3.1.10)
     pgf.sty    2023-01-15 v3.1.10 (3.1.10)
  pgfrcs.sty    2023-01-15 v3.1.10 (3.1.10)
pgfrcs.code.tex
 pgfcore.sty    2023-01-15 v3.1.10 (3.1.10)
  pgfsys.sty    2023-01-15 v3.1.10 (3.1.10)
pgfsys.code.tex
pgfsyssoftpath.code.tex    2023-01-15 v3.1.10 (3.1.10)
pgfsysprotocol.code.tex    2023-01-15 v3.1.10 (3.1.10)
pgfcore.code.tex
pgfcomp-version-0-65.sty    2023-01-15 v3.1.10 (3.1.10)
pgfcomp-version-1-18.sty    2023-01-15 v3.1.10 (3.1.10)
  pgffor.sty    2023-01-15 v3.1.10 (3.1.10)
 pgfkeys.sty    
pgfkeys.code.tex
 pgfmath.sty    
pgfmath.code.tex
pgffor.code.tex
tikz.code.tex
    calc.sty    2023/07/08 v4.3 Infix arithmetic (KKT,FJ)
cleveref.sty    2018/03/27 v0.21.4 Intelligent cross-referencing
   cuted.sty    2021/10/04 v2.0 Mixing onecolumn and twocolumn modes
  t1pplj.fd    2004/09/06 font definitions for T1/pplj.
 english.lbx    2023/03/05 v3.19 biblatex localization (PK/MW)
american.lbx    2023/03/05 v3.19 biblatex localization (PK/MW)
  thesis.bbl
supp-pdf.mkii
epstopdf-base.sty    2020-01-24 v2.11 Base part for package epstopdf
epstopdf-sys.cfg    2010/07/13 v1.3 Configuration of (r)epstopdf for TeX Live
  mt-ppl.cfg    2005/11/16 v1.6 microtype config. file: Palatino (RS)
translations-basic-dictionary-english.trsl    (english translation file `transl
ations-basic-dictionary')
  thesis.out
  thesis.out
bookmark.sty    2023-12-10 v1.31 PDF bookmarks (HO)
bkm-pdftex.def    2023-12-10 v1.31 bookmark driver for pdfTeX and luaTeX (HO)
FrontBackmatter/Titlepage.tex
 ot1pplx.fd    2004/09/06 font definitions for OT1/pplx.
 omlzplm.fd    2002/09/08 Fontinst v1.914 font definitions for OML/zplm.
 omszplm.fd    2002/09/08 Fontinst v1.914 font definitions for OMS/zplm.
 omxzplm.fd    2002/09/08 Fontinst v1.914 font definitions for OMX/zplm.
 ot1zplm.fd    2002/09/08 Fontinst v1.914 font definitions for OT1/zplm.
FrontBackmatter/Titleback.tex
FrontBackmatter/Summary.tex
FrontBackmatter/Acknowledgments.tex
FrontBackmatter/Contents.tex
FrontBackmatter/Acronym.tex
Chapters/1Introduction.tex
 ts1pplj.fd    2004/09/06 font definitions for TS1/pplj.
Chapters/2Preliminaries.tex
   t1fvm.fd    2004/09/07 scalable font definitions for T1/fvm.
  mt-cmr.cfg    2013/05/19 v2.2 microtype config. file: Computer Modern Roman (
RS)
Chapters/3RelatedWork.tex
Chapters/4Approach.tex
Chapters/5Solution.tex
lstlang1.sty    2024/02/21 1.10 listings language file
Chapters/6Results.tex
Chapters/7Discussion.tex
FrontBackmatter/Bibliography.tex
FrontBackmatter/Declaration.tex
 ***********

 )
(see the transcript file for additional information)</usr/local/texlive/2024/te
xmf-dist/fonts/type1/public/amsfonts/cm/cmmi10.pfb></usr/local/texlive/2024/tex
mf-dist/fonts/type1/public/amsfonts/cm/cmr10.pfb></usr/local/texlive/2024/texmf
-dist/fonts/type1/public/amsfonts/cm/cmsy10.pfb></usr/local/texlive/2024/texmf-
dist/fonts/type1/public/amsfonts/euler/eurb10.pfb></usr/local/texlive/2024/texm
f-dist/fonts/type1/public/fpl/fplbj8a.pfb></usr/local/texlive/2024/texmf-dist/f
onts/type1/public/fpl/fplrc8a.pfb></usr/local/texlive/2024/texmf-dist/fonts/typ
e1/public/fpl/fplrij8a.pfb></usr/local/texlive/2024/texmf-dist/fonts/type1/publ
ic/bera/fvmb8a.pfb></usr/local/texlive/2024/texmf-dist/fonts/type1/public/bera/
fvmr8a.pfb></usr/local/texlive/2024/texmf-dist/fonts/type1/public/bera/fvmro8a.
pfb></usr/local/texlive/2024/texmf-dist/fonts/type1/public/cm-super/sfrm1000.pf
b></usr/local/texlive/2024/texmf-dist/fonts/type1/public/cm-super/sfrm1095.pfb>
</usr/local/texlive/2024/texmf-dist/fonts/type1/urw/palatino/uplb8a.pfb></usr/l
ocal/texlive/2024/texmf-dist/fonts/type1/urw/palatino/uplbi8a.pfb></usr/local/t
exlive/2024/texmf-dist/fonts/type1/urw/palatino/uplr8a.pfb></usr/local/texlive/
2024/texmf-dist/fonts/type1/urw/palatino/uplri8a.pfb>
Output written on thesis.pdf (104 pages, 524506 bytes).
Transcript written on thesis.log.
